[2026-04-12 17:16:26] [INFO    ] discord.client: logging in using static token
[2026-04-12 17:16:28] [INFO    ] discord.gateway: Shard ID None has connected to Gateway (Session ID: 92cbb7e792c0f9e430dd5b64d52c530d).
2026-04-12 17:18:15,769 [INFO] zwiad.bot: scan starting run_id=2026-04-12T21-18-15
2026-04-12 17:36:13,046 [INFO] zwiad.bot: scan cost run_id=2026-04-12T21-18-15 usd=2.8162
2026-04-12 17:36:13,360 [INFO] zwiad.bot: scan complete run_id=2026-04-12T21-18-15 findings=28
2026-04-12 18:19:44,405 [INFO] zwiad.bot: research starting run_id=2026-04-12T21-18-15 findings=13 estimated_usd=3.25
[2026-04-12 18:58:15] [INFO    ] discord.gateway: Shard ID None has successfully RESUMED session 92cbb7e792c0f9e430dd5b64d52c530d.
2026-04-12 19:56:08,445 [INFO] zwiad.bot: research cost run_id=2026-04-12T21-18-15 usd=21.1349
[2026-04-12 20:32:29] [INFO    ] discord.client: logging in using static token
[2026-04-12 20:32:31] [INFO    ] discord.gateway: Shard ID None has connected to Gateway (Session ID: e3dcd643c0bf8d9d098126bddb501f9d).
[2026-04-12 21:24:35] [INFO    ] discord.gateway: Shard ID None has successfully RESUMED session e3dcd643c0bf8d9d098126bddb501f9d.
[2026-04-12 22:36:07] [INFO    ] discord.gateway: Shard ID None has successfully RESUMED session e3dcd643c0bf8d9d098126bddb501f9d.
[2026-04-12 23:54:44] [INFO    ] discord.gateway: Shard ID None has successfully RESUMED session e3dcd643c0bf8d9d098126bddb501f9d.
[2026-04-13 00:41:45] [INFO    ] discord.gateway: Shard ID None has successfully RESUMED session e3dcd643c0bf8d9d098126bddb501f9d.
[2026-04-13 01:13:09] [INFO    ] discord.gateway: Shard ID None has successfully RESUMED session e3dcd643c0bf8d9d098126bddb501f9d.
[2026-04-13 01:49:12] [INFO    ] discord.gateway: Shard ID None has successfully RESUMED session e3dcd643c0bf8d9d098126bddb501f9d.
[2026-04-13 02:10:44] [INFO    ] discord.gateway: Shard ID None has successfully RESUMED session e3dcd643c0bf8d9d098126bddb501f9d.
[2026-04-13 05:52:30] [INFO    ] discord.gateway: Shard ID None has successfully RESUMED session e3dcd643c0bf8d9d098126bddb501f9d.
[2026-04-13 09:24:56] [INFO    ] discord.gateway: Shard ID None has successfully RESUMED session e3dcd643c0bf8d9d098126bddb501f9d.
[2026-04-13 10:16:31] [INFO    ] discord.gateway: Shard ID None has successfully RESUMED session e3dcd643c0bf8d9d098126bddb501f9d.
[2026-04-13 10:40:24] [INFO    ] discord.gateway: Shard ID None has successfully RESUMED session e3dcd643c0bf8d9d098126bddb501f9d.
[2026-04-13 10:42:10] [INFO    ] discord.gateway: Shard ID None has successfully RESUMED session e3dcd643c0bf8d9d098126bddb501f9d.
[2026-04-13 11:25:48] [INFO    ] discord.gateway: Shard ID None has successfully RESUMED session e3dcd643c0bf8d9d098126bddb501f9d.
2026-04-13 12:53:44,701 [INFO] zwiad.bot: scan starting run_id=2026-04-13T16-53-44
2026-04-13 13:05:11,346 [INFO] zwiad.bot: scan complete run_id=2026-04-13T16-53-44 findings=15
[2026-04-13 13:13:54] [INFO    ] discord.gateway: Shard ID None has successfully RESUMED session e3dcd643c0bf8d9d098126bddb501f9d.
[2026-04-13 13:48:40] [INFO    ] discord.client: logging in using static token
[2026-04-13 13:48:41] [INFO    ] discord.gateway: Shard ID None has connected to Gateway (Session ID: 55d26aa5b2841ef6872c8ee9824d3409).
[2026-04-13 14:11:44] [INFO    ] discord.gateway: Shard ID None has successfully RESUMED session 55d26aa5b2841ef6872c8ee9824d3409.
[2026-04-13 14:24:16] [INFO    ] discord.client: logging in using static token
[2026-04-13 14:24:17] [INFO    ] discord.gateway: Shard ID None has connected to Gateway (Session ID: a186f2252f9b40fd529e67fd03f07544).
